The review completed, but the requested findings file was **not created**. The enforced read-only sandbox rejected `apply_patch`, and the final check confirmed `TARGET_NOT_CREATED`.

## High

- None found.

## Medium

### [Pass 1] The advertised infrastructure-free static suite is blocked by the global MongoDB precondition

- **Severity**: Medium
- **File:line**: `server/tests/p0-coordinator-role-ownership-bypass.test.js:13`
- **Trigger**: Run the static suite without a reachable configured MongoDB.
- **Consequence**: Global setup aborts before discovery, so none of its 12 assertions run. Across both new files, 23 tests were declared but 0 executed.
- **Confidence**: High — reproduced. Vitest exited 1 after `connect EACCES 159.143.141.178:27017`; this was an abort, not a pass or skip.

### [Pass 1] The PUT ownership tests stop at retirement middleware and never exercise the changed handler checks

- **Severity**: Medium
- **File:line**: `server/tests/p0-coordinator-role-ownership-bypass-http.test.js:75`, `:109`, `:144`; `server/tests/p0-coordinator-role-ownership-bypass.test.js:67`
- **Trigger**: Regress a downtime/history/ordeal ownership branch while the retirement flags remain enabled, then run the coordinator HTTP cases.
- **Consequence**: The tests still receive their expected retirement 403 before ownership, deadline, or approved-lock logic runs. Questionnaire PUT has no HTTP test. The static fallback merely counts raw predicate strings per file, so correct placement is not proven.
- **Confidence**: High.

## Low

### [Pass 1] Ordeal PUT can return 500 for a coordinator without `player_id` when retirement is inactive

- **Severity**: Low
- **File:line**: `server/routes/ordeal-responses.js:116`
- **Trigger**: With `ORDEALS_RETIRED === false`, a coordinator lacking `player_id` PUTs an existing response.
- **Consequence**: The new non-ST branch evaluates `req.user.player_id.toString()`, throwing instead of returning the intended 403.
- **Confidence**: Medium — the dereference is certain, but coordinator account shape and the retirement constant were outside this pass’s permitted inspection scope.

## Validation notes

- Opened only the supplied diff and lines 79–94 of `server/middleware/auth.js`.
- Confirmed `isStRole` recognizes only `st` and `dev`.
- Counted 17 changed gates: 16 `!isStRole(req.user)` predicates plus one `requireRole('st')` DELETE middleware.
- All six downtime predicates are consistent; its ownership/deadline block was not structurally moved.
- Questionnaire ownership returns before the approved-lock check.
- Game-session middleware ordering is correct. The claimed router-mount role expansion remains worth checking.
- Shared retirement middleware remains present on the history, questionnaire, and ordeal write routes shown by the hunks.
- `ORDEALS_RETIRED`’s current value and the characters file’s “everywhere else” claim remain unverified as required.
- No added route code retains the old literal player comparison.

Commands and outcomes:

1. Read the supplied diff — exit 0.
2. Located `isStRole` in `auth.js` — exit 0.
3. Ordinary targeted Vitest run — exit 1, `.vite-temp` write rejected.
4. Checked Vitest help for `configLoader` — exit 0.
5. Runner-loader Vitest run — exit 1, MongoDB precondition abort; 0 tests executed.
6. Config-free Vitest API attempt — exit 1, OS-temp SSR directory write rejected; no tests executed.
7. Diff searches plus `git status --short` and `git diff --check` — exit 0; no whitespace errors.
8. Diff line-number parser — exit 0.
9. Initial count helper — exit 0 but produced an invalid static-test count due to its filter; discarded.
10. Corrected count — exit 0; 12 static and 11 HTTP tests.
11. HTTP hunk parser — exit 0.
12. `apply_patch` for the report — rejected by the read-only sandbox.
13. Final existence/status/diff check — exit 0; target absent and no unintended change from this review.

No application or test files were modified. Unrelated working-tree changes were present and continued changing during the review; they were left untouched.